// Jest Snapshot v1, https://goo.gl/fbAQLP

exports[`WeatherInfo should render properly 1`] = `
<DocumentFragment>
  <div
    class="no-weather-info"
  >
    Please enter a zip code and choose a country to see today's weather!
  </div>
</DocumentFragment>
`;

exports[`WeatherInfo should render without crashing 1`] = `
<DocumentFragment>
  <div
    class="no-weather-info"
  >
    Please enter a zip code and choose a country to see today's weather!
  </div>
</DocumentFragment>
`;
