// Jest Snapshot v1, https://goo.gl/fbAQLP

exports[`LocationForm should render without crashing 1`] = `
<DocumentFragment>
  <div>
    <div
      class="locationForm"
    >
      <div
        class="locationInput"
      >
        <input
          class="zipcodeSearchInput input"
          placeholder=" Enter City Name"
        />
        <button
          class="locationInputBtn input"
        >
          See Weather
        </button>
      </div>
    </div>
  </div>
</DocumentFragment>
`;
